================================================================
  WIDE MULTI-CLUSTER SNN  -  MNIST
----------------------------------------------------------------
  clusters        : 2 x 256 neurons = 512 slots
  per cluster     : 196 axons (same input) + 60 excitatory, WTA
  excitatory total: 120   (single-cluster run had 28)
  hidden layer    : none - one plastic layer
  plastic synapses: 23520
  images          : 720 train / 240 assign / 240 test
================================================================

--- Phase 1: unsupervised STDP training (720 images) ---
  [train]  100 / 720   excitatory spikes: 1621
  [train]  200 / 720   excitatory spikes: 3583
  [train]  300 / 720   excitatory spikes: 5634
  [train]  400 / 720   excitatory spikes: 7781
  [train]  500 / 720   excitatory spikes: 9829
  [train]  600 / 720   excitatory spikes: 11910
  [train]  700 / 720   excitatory spikes: 14070
  training done. excitatory spikes: 14543

--- Phase 2: label assignment (240 images) ---
  neurons that responded: 51 / 120
  neurons per digit :  0:8  1:9  2:3  3:6  4:6  5:5  6:3  7:5  8:3  9:3

--- Learned receptive fields (one per cluster) ---
    cluster 0 neuron 0 (label -1, mean weight 60)
      ' ' ' ' ' ' ' ' ' ' ' ' ' ' 
      ' ' ' ' ' ' ' ' ' ' ..' ' ' 
      ' ' ' ' ' ' ' ' ' ' ' ' ' ' 
      ' ' ' ' ' ' ' ' ' ....' ' ' 
      ' ' ' ' ' ' ' ' ' ' ' ' ' ' 
      ' ' ' ' ' ' ' ' ..' ' ' ' ' 
      ' ' ' ' ' ' ' ' ..' ' ' ' ' 
      ' ' ..' ' ' ..' ' ' ' ' ' ' 
      ' ' ' ' ..' ..' ' ' ' ' ' ' 
      ' ' ' ' ' ....' ' ' ' ' ' ' 
      ' ' ' ' ' ..' ' ' ' ..' ' ' 
      ..' ' ' ....' ' ' ' ' ..' ' 
      ' ' ' ' ....' ' ' ' ' ' ' ' 
      ..' ' ' ' ' ' ' ' ' ' ' ' ' 
    cluster 1 neuron 0 (label -1, mean weight 60)
      ' ' ' ' ' ' ' ' ' ' ' ' ..' 
      ' ' ' ' ' ' ' ' ' ' ' ' ' ' 
      ' ' ' ' ' ..' ' ' ' ' ' ' ' 
      ' ' ' ' ' ..' ' ' ' ' ' ' ' 
      ' ' ' ' ' ' ..' ' ' ..' ' ' 
      ' ' ' ' ' ' ..' ' ....' ' ' 
      ....' ' ' ' ..' ..' ' ' ' ' 
      ' ' ' ' ....' ' ' ' ' ' ' ' 
      ' ' ' ' ....' ' ' ' ' ' ' ' 
      ' ' ' ' ' ' ....' ' ' ' ' ' 
      ' ' ..' ' ' ..' ' ' ' ' ' ' 
      ' ' ' ' ' ..' ' ' ' ' ' ..' 
      ..' ' ' ' ' ' ..' ' ..' ' ' 
      ' ' ' ' ' ' ' ' ' ' ..' ' ' 

--- Phase 3: inference (240 images) ---
  [test]   40 / 240   correct: 7   accuracy: 17.5%
  [test]   80 / 240   correct: 20   accuracy: 25.0%
  [test]  120 / 240   correct: 38   accuracy: 31.7%
  [test]  160 / 240   correct: 52   accuracy: 32.5%
  [test]  200 / 240   correct: 67   accuracy: 33.5%
  [test]  240 / 240   correct: 79   accuracy: 32.9%

================================================================
  WIDE MULTI-CLUSTER RESULTS
----------------------------------------------------------------
  Excitatory neurons : 120  (2 clusters x 60)
  Test images        : 240
  Correct            : 79
  ACCURACY           : 32.92 %
  Random baseline    : 10.00 %
  Single-cluster ref : 29.58 % (28 neurons, 1200 images)

  Per-digit accuracy:
    digit 0 :  16 /  24  (66.7%)
    digit 1 :  16 /  31  (51.6%)
    digit 2 :  15 /  21  (71.4%)
    digit 3 :   5 /  23  (21.7%)
    digit 4 :   0 /  29  (0.0%)
    digit 5 :   0 /  16  (0.0%)
    digit 6 :   9 /  21  (42.9%)
    digit 7 :  10 /  32  (31.2%)
    digit 8 :   6 /  20  (30.0%)
    digit 9 :   2 /  23  (8.7%)

  Confusion matrix (rows = true, cols = predicted):
           0   1   2   3   4   5   6   7   8   9
    0 :   16   0   4   1   0   0   3   0   0   0
    1 :    0  16   7   2   0   0   2   2   2   0
    2 :    0   0  15   0   0   0   5   0   1   0
    3 :    5   0   9   5   0   0   1   0   3   0
    4 :    0   1  10   1   0   0  13   0   0   4
    5 :    3   0   7   1   0   0   1   0   3   1
    6 :    2   0   7   0   0   0   9   1   2   0
    7 :    5   0  10   0   0   0   3  10   1   3
    8 :    0   0  11   2   0   0   1   0   6   0
    9 :    1   0  11   2   0   0   5   1   1   2

  Health: excitatory spikes=25109  queue overflow=0  stdp timeout=0
================================================================
tb/tb_mnist_wide.v:392: $finish called at 194277787000 (1ps)
