================================================================
  TWO-LAYER MULTI-CLUSTER SNN  -  MNIST
----------------------------------------------------------------
  clusters        : 5 x 64 neurons = 320 slots
  input           : 100 px (10x10), 25 per L1 cluster
  hidden (layer 1): 32  (4 clusters x 8, WTA per cluster)
  output (layer 2): 32  (cluster 4, WTA)
  plastic synapses: 1824
  images          : 720 train / 240 assign / 240 test
================================================================

--- Phase 1: unsupervised STDP training (720 images) ---
  [train]  100 / 720   hidden spikes: 2844   output spikes: 745
  [train]  200 / 720   hidden spikes: 6087   output spikes: 1394
  [train]  300 / 720   hidden spikes: 9306   output spikes: 2003
  [train]  400 / 720   hidden spikes: 12586   output spikes: 2619
  [train]  500 / 720   hidden spikes: 15703   output spikes: 3182
  [train]  600 / 720   hidden spikes: 18826   output spikes: 3743
  [train]  700 / 720   hidden spikes: 22033   output spikes: 4317
  training done. hidden spikes: 22726   output spikes: 4446

--- Phase 2: output-neuron label assignment (240 images) ---
  output neurons that responded: 32 / 32
  neurons per digit :  0:11  1:0  2:5  3:1  4:2  5:1  6:3  7:1  8:4  9:4

--- Layer-1 receptive fields (5x5 quadrant patches) ---
    L1 cluster 0 neuron 0 (quadrant 0):
                
              ##
            ..##
          ' ####
      ' ' ' ####
    L1 cluster 1 neuron 0 (quadrant 1):
        ..++' ' 
        ####' ' 
        ####    
      ######    
      ######    
    L1 cluster 2 neuron 0 (quadrant 2):
              ++
        ##++  ++
              ##
        ++######
        ' ######
    L1 cluster 3 neuron 0 (quadrant 3):
      ####++    
      ####      
      ++##  '   
      ##        
                

--- Phase 3: inference (240 images) ---
  [test]   40 / 240   correct: 4   accuracy: 10.0%
  [test]   80 / 240   correct: 7   accuracy: 8.8%
  [test]  120 / 240   correct: 14   accuracy: 11.7%
  [test]  160 / 240   correct: 17   accuracy: 10.6%
  [test]  200 / 240   correct: 24   accuracy: 12.0%
  [test]  240 / 240   correct: 27   accuracy: 11.2%

================================================================
  TWO-LAYER RESULTS
----------------------------------------------------------------
  Test images     : 240
  Correct         : 27
  ACCURACY        : 11.25 %
  Random baseline : 10.00 %

  Per-digit accuracy:
    digit 0 :   5 /  24  (20.8%)
    digit 1 :   0 /  31  (0.0%)
    digit 2 :   3 /  21  (14.3%)
    digit 3 :   6 /  23  (26.1%)
    digit 4 :   3 /  29  (10.3%)
    digit 5 :   2 /  16  (12.5%)
    digit 6 :   3 /  21  (14.3%)
    digit 7 :   1 /  32  (3.1%)
    digit 8 :   1 /  20  (5.0%)
    digit 9 :   3 /  23  (13.0%)

  Confusion matrix (rows = true, cols = predicted):
           0   1   2   3   4   5   6   7   8   9
    0 :    5   0   3   3   3   8   1   1   0   0
    1 :    9   0   5   1   4   1   3   4   4   0
    2 :    0   0   3   1   3   6   3   2   1   2
    3 :    1   0   3   6   2   4   3   1   0   3
    4 :    1   0   3   5   3   6   0   2   6   3
    5 :    2   0   1   1   2   2   3   3   2   0
    6 :    1   0   1   4   1   4   3   4   2   1
    7 :    5   0   6   3   4   4   4   1   3   2
    8 :    3   0   3   2   4   3   3   0   1   1
    9 :    0   0   1   3   3   8   1   0   4   3

  Health: hidden spikes=38441  output spikes=7139
          queue overflow=0  stdp timeout=0  router overflow=0
================================================================
tb/tb_mnist_layered.v:445: $finish called at 34884997000 (1ps)
